// Jest Snapshot v1, https://goo.gl/fbAQLP

exports[`amplify-photo-picker spec: Render logic -> should render a picker by default 1`] = `
<amplify-photo-picker>
  <mock:shadow-root>
    <div class="photo-picker-container">
      <amplify-section>
        <div class="header">
          Picker Title
        </div>
        <div class="header-hint">
          Ancillary text or content may occupy this space here
        </div>
        <amplify-picker acceptvalue="image/*">
          <div class="picker-body" slot="picker">
            <amplify-icon name="photoPlaceholder"></amplify-icon>
          </div>
        </amplify-picker>
        <div class="placeholder-hint">
          Placeholder hint
        </div>
        <amplify-button>
          Button
        </amplify-button>
      </amplify-section>
    </div>
  </mock:shadow-root>
</amplify-photo-picker>
`;
